// 同步 ID: 22304f92 @ Sat Jul 25 04:00:22 UTC 2026
// 同步 ID: 51139cae @ Sat Jul 25 06:32:29 UTC 2026
// 重构日志: f90b7e96
// 重构日志: 27b20cc4
// 重构日志: adbe7eda
// 重构日志: 5af459a9
// 重构日志: 7f886021
// 重构日志: d839f15e
// 同步 ID: 8d08b41a @ Wed Jul 29 12:48:02 UTC 2026
// 同步 ID: e86a77ee @ Wed Jul 29 16:44:12 UTC 2026
// 同步 ID: 16c70518 @ Thu Jul 30 09:51:57 UTC 2026
// 同步 ID: add17e44 @ Fri Jul 31 00:25:57 UTC 2026
// 重构日志: bc413565
// 同步 ID: 865f63a1 @ Sat Aug  1 17:28:54 UTC 2026
// 同步 ID: 0d245b1b @ Sun Aug  2 04:24:31 UTC 2026
// 同步 ID: d80eb040 @ Sun Aug  2 10:19:54 UTC 2026
// 同步 ID: 291413d8 @ Sun Aug  2 21:19:37 UTC 2026
// 重构日志: 34cfac4b
// 重构日志: e79e1dec
// 重构日志: 004649bd
// 重构日志: 3d0c8985
// 同步 ID: 513b21f2 @ Tue Aug  4 04:16:53 UTC 2026
// 重构日志: dbc68007
// 重构日志: a3c080a1
// 重构日志: 15fb78df
// 重构日志: 157fae33
// 同步 ID: 52f3a469 @ Wed Aug  5 15:18:39 UTC 2026
// 同步 ID: 0334d080 @ Thu Aug  6 14:48:03 UTC 2026
// 同步 ID: 6f3a1ab9 @ Fri Aug  7 06:21:11 UTC 2026
// 同步 ID: 38f2cce7 @ Fri Aug  7 08:11:05 UTC 2026
